<?xml version="1.0" encoding="utf-8" ?>
<result>
	<row>WAR</row>
	<row>BC</row>
	<row>SPE</row>
	<row>25</row>
	<row>XZ</row>
	<row>LND</row>
	<row>18</row>
	<row>KEN</row>
	<row>CA</row>
</result>