<?xml version="1.0" encoding="utf-8" ?>
<result>
	<row>
		<country_code>US</country_code>
		<region_code />
		<city_name />
		<area_code>0</area_code>
		<lat>38</lat>
		<long>-97</long>
		<postal_code />
		<continent_code>amn</continent_code>
		<continent_name>North America</continent_name>
		<country_name>United States</country_name>
		<ip>2003:f6:93bf:26f:9ec7:a6ff:fe29:27df</ip>
	</row>
</result>